> Task :gradle-plugin:compileKotlin UP-TO-DATE
> Task :gradle-plugin:compileJava NO-SOURCE
> Task :gradle-plugin:pluginDescriptors UP-TO-DATE
> Task :gradle-plugin:processResources UP-TO-DATE
> Task :gradle-plugin:classes UP-TO-DATE
> Task :gradle-plugin:jar UP-TO-DATE
> Task :gradle-plugin:inspectClassesForKotlinIC UP-TO-DATE
> Task :app:buildCodegenCLI SKIPPED
> Task :app:generateCodegenSchemaFromJavaScript SKIPPED
> Task :app:generateCodegenArtifactsFromSchema SKIPPED
> Task :app:generatePackageList
> Task :app:preBuild
> Task :app:preDebugBuild
> Task :react-native-async-storage_async-storage:preBuild UP-TO-DATE
> Task :react-native-async-storage_async-storage:preDebugBuild UP-TO-DATE
> Task :react-native-async-storage_async-storage:writeDebugAarMetadata UP-TO-DATE
> Task :react-native-gesture-handler:preBuild UP-TO-DATE
> Task :react-native-gesture-handler:preDebugBuild UP-TO-DATE
> Task :react-native-gesture-handler:writeDebugAarMetadata UP-TO-DATE
> Task :react-native-safe-area-context:preBuild UP-TO-DATE
> Task :react-native-safe-area-context:preDebugBuild UP-TO-DATE
> Task :react-native-safe-area-context:writeDebugAarMetadata UP-TO-DATE
> Task :react-native-screens:preBuild UP-TO-DATE
> Task :react-native-screens:preDebugBuild UP-TO-DATE
> Task :react-native-screens:writeDebugAarMetadata UP-TO-DATE
> Task :app:checkDebugAarMetadata FAILED
./gradlew : 
At line:1 char:13
+ cd android; 
./gradlew app:checkDe
bugAarMetadata 2>&1 
| Out-String | S ...
+             ~~~~~~~
~~~~~~~~~~~~~~~~~~~~~
~~~~~~~~~~~~
    + CategoryInfo   
           : NotSpe  
  cified: (:String   
 ) [], RemoteExce    
ption
    + FullyQualified 
   ErrorId : Native  
  CommandError
 
FAILURE: Build 
failed with an 
exception.

* What went wrong:
Execution failed for 
task ':app:checkDebug
AarMetadata'.
> A failure occurred 
while executing com.a
ndroid.build.gradle.i
nternal.tasks.CheckAa
rMetadataWorkAction
   > 8 issues were 
found when checking 
AAR metadata:
     
       1.  
Dependency 'androidx.
appcompat:appcompat-r
esources:1.7.0' 
requires libraries 
and applications that
           depend on 
it to compile 
against version 34 
or later of the
           Android 
APIs.
     
           :app is 
currently compiled 
against android-33.
     
           Also, the 
maximum recommended 
compile SDK version 
for Android Gradle
           plugin 
7.4.2 is 33.
     
           
Recommended action: 
Update this 
project's version of 
the Android Gradle
           plugin to 
one that supports 
34, then update this 
project to use
           
compileSdkVerion of 
at least 34.
     
           Note that 
updating a library 
or application's 
compileSdkVersion 
(which
           allows 
newer APIs to be 
used) can be done 
separately from 
updating
           
targetSdkVersion 
(which opts the app 
in to new runtime 
behavior) and
           
minSdkVersion (which 
determines which 
devices the app can 
be installed
           on).
     
       2.  
Dependency 'androidx.
appcompat:appcompat:1
.7.0' requires 
libraries and 
applications that
           depend on 
it to compile 
against version 34 
or later of the
           Android 
APIs.
     
           :app is 
currently compiled 
against android-33.
     
           Also, the 
maximum recommended 
compile SDK version 
for Android Gradle
           plugin 
7.4.2 is 33.
     
           
Recommended action: 
Update this 
project's version of 
the Android Gradle
           plugin to 
one that supports 
34, then update this 
project to use
           
compileSdkVerion of 
at least 34.
     
           Note that 
updating a library 
or application's 
compileSdkVersion 
(which
           allows 
newer APIs to be 
used) can be done 
separately from 
updating
           
targetSdkVersion 
(which opts the app 
in to new runtime 
behavior) and
           
minSdkVersion (which 
determines which 
devices the app can 
be installed
           on).
     
       3.  
Dependency 'androidx.
core:core:1.16.0' 
requires libraries 
and applications that
           depend on 
it to compile 
against version 35 
or later of the
           Android 
APIs.
     
           :app is 
currently compiled 
against android-33.
     
           Also, the 
maximum recommended 
compile SDK version 
for Android Gradle
           plugin 
7.4.2 is 33.
     
           
Recommended action: 
Update this 
project's version of 
the Android Gradle
           plugin to 
one that supports 
35, then update this 
project to use
           
compileSdkVerion of 
at least 35.
     
           Note that 
updating a library 
or application's 
compileSdkVersion 
(which
           allows 
newer APIs to be 
used) can be done 
separately from 
updating
           
targetSdkVersion 
(which opts the app 
in to new runtime 
behavior) and
           
minSdkVersion (which 
determines which 
devices the app can 
be installed
           on).
     
       4.  
Dependency 'androidx.
core:core:1.16.0' 
requires Android 
Gradle plugin 8.6.0 
or higher.
     
           This 
build currently uses 
Android Gradle 
plugin 7.4.2.
     
       5.  
Dependency 'androidx.
core:core-ktx:1.16.0'
 requires libraries 
and applications that
           depend on 
it to compile 
against version 35 
or later of the
           Android 
APIs.
     
           :app is 
currently compiled 
against android-33.
     
           Also, the 
maximum recommended 
compile SDK version 
for Android Gradle
           plugin 
7.4.2 is 33.
     
           
Recommended action: 
Update this 
project's version of 
the Android Gradle
           plugin to 
one that supports 
35, then update this 
project to use
           
compileSdkVerion of 
at least 35.
     
           Note that 
updating a library 
or application's 
compileSdkVersion 
(which
           allows 
newer APIs to be 
used) can be done 
separately from 
updating
           
targetSdkVersion 
(which opts the app 
in to new runtime 
behavior) and
           
minSdkVersion (which 
determines which 
devices the app can 
be installed
           on).
     
       6.  
Dependency 'androidx.
core:core-ktx:1.16.0'
 requires Android 
Gradle plugin 8.6.0 
or higher.
     
           This 
build currently uses 
Android Gradle 
plugin 7.4.2.
     
       7.  
Dependency 'androidx.
annotation:annotation
-experimental:1.4.1' 
requires libraries 
and applications that
           depend on 
it to compile 
against version 34 
or later of the
           Android 
APIs.
     
           :app is 
currently compiled 
against android-33.
     
           Also, the 
maximum recommended 
compile SDK version 
for Android Gradle
           plugin 
7.4.2 is 33.
     
           
Recommended action: 
Update this 
project's version of 
the Android Gradle
           plugin to 
one that supports 
34, then update this 
project to use
           
compileSdkVerion of 
at least 34.
     
           Note that 
updating a library 
or application's 
compileSdkVersion 
(which
           allows 
newer APIs to be 
used) can be done 
separately from 
updating
           
targetSdkVersion 
(which opts the app 
in to new runtime 
behavior) and
           
minSdkVersion (which 
determines which 
devices the app can 
be installed
           on).
     
       8.  
Dependency 'androidx.
core:core-viewtree:1.
0.0' requires 
libraries and 
applications that
           depend on 
it to compile 
against version 34 
or later of the
           Android 
APIs.
     
           :app is 
currently compiled 
against android-33.
     
           Also, the 
maximum recommended 
compile SDK version 
for Android Gradle
           plugin 
7.4.2 is 33.
     
           
Recommended action: 
Update this 
project's version of 
the Android Gradle
           plugin to 
one that supports 
34, then update this 
project to use
           
compileSdkVerion of 
at least 34.
     
           Note that 
updating a library 
or application's 
compileSdkVersion 
(which
           allows 
newer APIs to be 
used) can be done 
separately from 
updating
           
targetSdkVersion 
(which opts the app 
in to new runtime 
behavior) and
           
minSdkVersion (which 
determines which 
devices the app can 
be installed
           on).

11 actionable tasks: 2 executed, 9 up-to-date
* Try:
> Run with 
--stacktrace option 
to get the stack 
trace.
> Run with --info or 
--debug option to 
get more log output.
> Run with --scan to 
get full insights.

* Get more help at ht
tps://help.gradle.org

BUILD FAILED in 8s

